2026-09-03T04:38:37Z INF Thank you for trying Cloudflare Tunnel. Doing so, without a Cloudflare account, is a quick way to experiment and try it out. However, be aware that these account-less Tunnels have no uptime guarantee, are subject to the Cloudflare Online Services Terms of Use (https://www.cloudflare.com/website-terms/), and Cloudflare reserves the right to investigate your use of Tunnels for violations of such terms. If you intend to use Tunnels in production you should use a pre-created named tunnel by following: https://developers.cloudflare.com/cloudflare-one/connections/connect-apps
2026-09-03T04:38:37Z INF Requesting new quick Tunnel on trycloudflare.com...
2026-09-03T04:38:43Z INF +--------------------------------------------------------------------------------------------+
2026-09-03T04:38:43Z INF |  Your quick Tunnel has been created! Visit it at (it may take some time to be reachable):  |
2026-09-03T04:38:43Z INF |  https://swim-casio-essex-proportion.trycloudflare.com                                     |
2026-09-03T04:38:43Z INF +--------------------------------------------------------------------------------------------+
2026-09-03T04:38:43Z INF Cannot determine default configuration path. No file [config.yml config.yaml] in [~/.cloudflared ~/.cloudflare-warp ~/cloudflare-warp]
2026-09-03T04:38:43Z INF Version 2026.8.3 (Checksum 83e726ed18ea78c5ad5213c4c3a3a27051393950d2bc8ed4de69bec12d14eaae)
2026-09-03T04:38:43Z INF GOOS: windows, GOVersion: go1.26.4, GoArch: amd64
2026-09-03T04:38:43Z INF Settings: map[ha-connections:1 p:http2 protocol:http2 url:http://127.0.0.1:8001]
2026-09-03T04:38:43Z INF cloudflared will not automatically update on Windows systems.
2026-09-03T04:38:43Z INF Generated Connector ID: 12d00d17-6218-4ecf-a183-11d22ad75354
2026-09-03T04:38:43Z INF Initial protocol http2
2026-09-03T04:38:43Z INF ICMP proxy will use 192.168.0.181 as source for IPv4
2026-09-03T04:38:43Z INF ICMP proxy will use fe80::5618:ded9:8de2:361 in zone Wi-Fi as source for IPv6
2026-09-03T04:38:43Z INF cloudflared does not support loading the system root certificate pool on Windows. Please use --origin-ca-pool <PATH> to specify the path to the certificate pool
2026-09-03T04:38:43Z INF ICMP proxy will use 192.168.0.181 as source for IPv4
2026-09-03T04:38:43Z INF Tunnel connection curve preferences: [X25519MLKEM768 CurveID(65074) CurveP256] connIndex=0 event=0 ip=198.41.192.47
2026-09-03T04:38:43Z INF ICMP proxy will use fe80::5618:ded9:8de2:361 in zone Wi-Fi as source for IPv6
2026-09-03T04:38:43Z INF Starting metrics server on 127.0.0.1:20241/metrics
2026-09-03T04:38:43Z INF +--------------------------------------------------------------------------------------+
2026-09-03T04:38:43Z INF |                               CONNECTIVITY PRE-CHECKS                                |
2026-09-03T04:38:43Z INF +--------------------------------------------------------------------------------------+
2026-09-03T04:38:43Z INF |  COMPONENT         TARGET                     STATUS  DETAILS                        |
2026-09-03T04:38:43Z INF |  DNS Resolution    region1.v2.argotunnel.com  PASS    DNS Resolved successfully      |
2026-09-03T04:38:43Z INF |  DNS Resolution    region2.v2.argotunnel.com  PASS    DNS Resolved successfully      |
2026-09-03T04:38:43Z INF |  UDP Connectivity  region1.v2.argotunnel.com  PASS    QUIC connection successful     |
2026-09-03T04:38:43Z INF |  UDP Connectivity  region2.v2.argotunnel.com  PASS    QUIC connection successful     |
2026-09-03T04:38:43Z INF |  TCP Connectivity  region1.v2.argotunnel.com  PASS    HTTP/2 connection successful   |
2026-09-03T04:38:43Z INF |  TCP Connectivity  region2.v2.argotunnel.com  PASS    HTTP/2 connection successful   |
2026-09-03T04:38:43Z INF |  Cloudflare API    api.cloudflare.com:443     PASS    API is reachable               |
2026-09-03T04:38:43Z INF |                                                                                      |
2026-09-03T04:38:43Z INF |  SUMMARY: Environment is healthy. cloudflared will use 'http2' as primary protocol.  |
2026-09-03T04:38:43Z INF +--------------------------------------------------------------------------------------+
2026-09-03T04:38:43Z INF precheck component="DNS Resolution" details="DNS Resolved successfully" run_id=ad1d8f2a-4571-41cc-b0fc-5b69ed97cc60 status=pass target=region1.v2.argotunnel.com
2026-09-03T04:38:43Z INF precheck component="DNS Resolution" details="DNS Resolved successfully" run_id=ad1d8f2a-4571-41cc-b0fc-5b69ed97cc60 status=pass target=region2.v2.argotunnel.com
2026-09-03T04:38:43Z INF precheck component="UDP Connectivity" details="QUIC connection successful" run_id=ad1d8f2a-4571-41cc-b0fc-5b69ed97cc60 status=pass target=region1.v2.argotunnel.com
2026-09-03T04:38:43Z INF precheck component="UDP Connectivity" details="QUIC connection successful" run_id=ad1d8f2a-4571-41cc-b0fc-5b69ed97cc60 status=pass target=region2.v2.argotunnel.com
2026-09-03T04:38:43Z INF precheck component="TCP Connectivity" details="HTTP/2 connection successful" run_id=ad1d8f2a-4571-41cc-b0fc-5b69ed97cc60 status=pass target=region1.v2.argotunnel.com
2026-09-03T04:38:43Z INF precheck component="TCP Connectivity" details="HTTP/2 connection successful" run_id=ad1d8f2a-4571-41cc-b0fc-5b69ed97cc60 status=pass target=region2.v2.argotunnel.com
2026-09-03T04:38:43Z INF precheck component="Cloudflare API" details="API is reachable" run_id=ad1d8f2a-4571-41cc-b0fc-5b69ed97cc60 status=pass target=api.cloudflare.com:443
2026-09-03T04:38:43Z INF precheck complete hard_fail=false run_id=ad1d8f2a-4571-41cc-b0fc-5b69ed97cc60 suggested_protocol=http2
2026-09-03T04:38:43Z INF Registered tunnel connection connIndex=0 connection=3cee7e51-6b88-4217-931d-794796bcef64 event=0 ip=198.41.192.47 location=nag01 protocol=http2
